  Determining projects to restore...
  All projects are up-to-date for restore.
  HrSystemApp.Domain -> E:\Github Repos\HR System App\HrSystemApp\HrSystemApp.Domain\bin\Debug\net8.0\HrSystemApp.Domain.dll
  HrSystemApp.Application -> E:\Github Repos\HR System App\HrSystemApp\HrSystemApp.Application\bin\Debug\net8.0\HrSystemApp.Application.dll
  HrSystemApp.Infrastructure -> E:\Github Repos\HR System App\HrSystemApp\HrSystemApp.Infrastructure\bin\Debug\net8.0\HrSystemApp.Infrastructure.dll
  HrSystemApp.Api -> E:\Github Repos\HR System App\HrSystemApp\HrSystemApp.Api\bin\Debug\net8.0\HrSystemApp.Api.dll
  HrSystemApp.Tests.Integration -> E:\Github Repos\HR System App\HrSystemApp\tests\HrSystemApp.Tests.Integration\bin\Debug\net8.0\HrSystemApp.Tests.Integration.dll
Test run for E:\Github Repos\HR System App\HrSystemApp\tests\HrSystemApp.Tests.Integration\bin\Debug\net8.0\HrSystemApp.Tests.Integration.dll (.NETCoreApp,Version=v8.0)
VSTest version 17.11.0 (x64)

Starting test execution, please wait...
A total of 1 test files matched the specified pattern.
E:\Github Repos\HR System App\HrSystemApp\tests\HrSystemApp.Tests.Integration\bin\Debug\net8.0\HrSystemApp.Tests.Integration.dll
[xUnit.net 00:00:00.00] xUnit.net VSTest Adapter v2.5.3.1+6b60a9e56a (64-bit .NET 8.0.8)
[xUnit.net 00:00:00.45]   Discovering: HrSystemApp.Tests.Integration
[xUnit.net 00:00:00.63]   Discovered:  HrSystemApp.Tests.Integration
[xUnit.net 00:00:00.64]   Starting:    HrSystemApp.Tests.Integration
[testcontainers.org 00:00:00.14] Connected to Docker:
  Host: npipe://./pipe/docker_engine
  Server Version: 29.2.1
  Kernel Version: 6.6.87.2-microsoft-standard-WSL2
  API Version: 1.53
  Operating System: Docker Desktop
  Total Memory: 7.71 GB
  Labels: 
    com.docker.desktop.address=npipe://\\.\pipe\docker_cli
[testcontainers.org 00:00:00.48] Docker container c6be0118f22e created
[testcontainers.org 00:00:00.60] Start Docker container c6be0118f22e
[testcontainers.org 00:00:01.07] Wait for Docker container c6be0118f22e to complete readiness checks
[testcontainers.org 00:00:01.08] Docker container c6be0118f22e ready
[testcontainers.org 00:00:01.36] Docker container 3c044cfdca23 created
[testcontainers.org 00:00:01.40] Start Docker container 3c044cfdca23
[testcontainers.org 00:00:02.22] Wait for Docker container 3c044cfdca23 to complete readiness checks
[testcontainers.org 00:00:02.27] Execute "pg_isready --host localhost --dbname hrsystemapp_tests --username postgres" at Docker container 3c044cfdca23
[testcontainers.org 00:00:03.46] Execute "pg_isready --host localhost --dbname hrsystemapp_tests --username postgres" at Docker container 3c044cfdca23
[testcontainers.org 00:00:04.64] Execute "pg_isready --host localhost --dbname hrsystemapp_tests --username postgres" at Docker container 3c044cfdca23
[testcontainers.org 00:00:05.77] Execute "pg_isready --host localhost --dbname hrsystemapp_tests --username postgres" at Docker container 3c044cfdca23
[testcontainers.org 00:00:05.89] Docker container 3c044cfdca23 ready
[00:35:51 WRN] ?? Seq Logging is DISABLED.
[00:35:51 INF] ?? Starting database initialization...
Applying SoftDelete filter to Attendance
Applying SoftDelete filter to AttendanceAdjustment
Applying SoftDelete filter to AttendanceLog
Applying SoftDelete filter to AttendanceReminderLog
Applying SoftDelete filter to Company
Applying SoftDelete filter to CompanyHierarchyPosition
Applying SoftDelete filter to CompanyLocation
Applying SoftDelete filter to ContactAdminRequest
Applying SoftDelete filter to Department
Applying SoftDelete filter to Employee
Applying SoftDelete filter to LeaveBalance
Applying SoftDelete filter to Notification
Applying SoftDelete filter to ProfileUpdateRequest
Applying SoftDelete filter to RefreshToken
Applying SoftDelete filter to Request
Applying SoftDelete filter to RequestApprovalHistory
Applying SoftDelete filter to RequestAttachment
Applying SoftDelete filter to RequestDefinition
Applying SoftDelete filter to RequestWorkflowStep
Applying SoftDelete filter to Team
Applying SoftDelete filter to Unit
[00:35:54 ERR] Failed to create SuperAdmin: Passwords must have at least one digit ('0'-'9')., Passwords must have at least one lowercase ('a'-'z').
[00:35:54 INF] Company 'HRMS' seeded.
[00:35:54 INF] Location 'Main Branch' seeded.
[00:35:54 INF] Hierarchy positions seeded for HRMS.
[00:35:54 WRN] Failed to create user companyadmin@hrms.com: Passwords must have at least one digit ('0'-'9')., Passwords must have at least one lowercase ('a'-'z').
[00:35:54 WRN] Failed to create user ceo@hrms.com: Passwords must have at least one digit ('0'-'9')., Passwords must have at least one lowercase ('a'-'z').
[00:35:54 INF] ================== TEST CREDENTIALS (HIERARCHY) ==================
[00:35:54 INF] Credentials are now managed via configuration (SeedPasswordSettings).
[00:35:54 INF] Please check your appsettings.json or environment variables for access.
[00:35:54 INF] ==================================================================
[00:35:54 INF] ? Database initialization completed successfully.
[00:35:54 INF] Start installing Hangfire SQL objects...
[00:35:55 INF] Hangfire SQL objects installed.
[00:35:56 WRN] You do not have a valid license key for the Lucky Penny software MediatR. This is allowed for development and testing scenarios. If you are running in production you are required to have a licensed version. Please visit https://luckypennysoftware.com to obtain a valid license.
[00:35:56 ERR] Unhandled exception: 'object' does not contain a definition for 'FullName'. User: Anonymous, CorrelationId: 264e4961-cb46-4bb7-ac4f-c2e65ec8d45a, Path: /api/companies/hierarchy
Microsoft.CSharp.RuntimeBinder.RuntimeBinderException: 'object' does not contain a definition for 'FullName'
   at CallSite.Target(Closure, CallSite, Object)
   at System.Dynamic.UpdateDelegates.UpdateAndExecute1[T0,TRet](CallSite site, T0 arg0)
   at HrSystemApp.Application.Features.Hierarchy.Queries.GetCompanyHierarchy.GetCompanyHierarchyQueryHandler.GetRootsAsync(Guid companyId, CancellationToken ct) in E:\Github Repos\HR System App\HrSystemApp\HrSystemApp.Application\Features\Hierarchy\Queries\GetCompanyHierarchy\GetCompanyHierarchyQuery.cs:line 142
   at HrSystemApp.Application.Features.Hierarchy.Queries.GetCompanyHierarchy.GetCompanyHierarchyQueryHandler.Handle(GetCompanyHierarchyQuery request, CancellationToken cancellationToken) in E:\Github Repos\HR System App\HrSystemApp\HrSystemApp.Application\Features\Hierarchy\Queries\GetCompanyHierarchy\GetCompanyHierarchyQuery.cs:line 78
   at ValidationBehavior`2.Handle(TRequest request, RequestHandlerDelegate`1 next, CancellationToken cancellationToken) in E:\Github Repos\HR System App\HrSystemApp\HrSystemApp.Application\Behaviors\ValidationBehavior.cs:line 36
   at HrSystemApp.Api.Controllers.CompaniesController.GetHierarchy(Nullable`1 parentId, String parentType, CancellationToken ct) in E:\Github Repos\HR System App\HrSystemApp\HrSystemApp.Api\Controllers\CompaniesController.cs:line 245
   at Microsoft.AspNetCore.Mvc.Infrastructure.ActionMethodExecutor.TaskOfIActionResultExecutor.Execute(ActionContext actionContext, IActionResultTypeMapper mapper, ObjectMethodExecutor executor, Object controller, Object[] arguments)
   at Microsoft.AspNetCore.Mvc.Infrastructure.ControllerActionInvoker.<InvokeActionMethodAsync>g__Awaited|12_0(ControllerActionInvoker invoker, ValueTask`1 actionResultValueTask)
   at Microsoft.AspNetCore.Mvc.Infrastructure.ControllerActionInvoker.<InvokeNextActionFilterAsync>g__Awaited|10_0(ControllerActionInvoker invoker, Task lastTask, State next, Scope scope, Object state, Boolean isCompleted)
   at Microsoft.AspNetCore.Mvc.Infrastructure.ControllerActionInvoker.Rethrow(ActionExecutedContextSealed context)
   at Microsoft.AspNetCore.Mvc.Infrastructure.ControllerActionInvoker.Next(State& next, Scope& scope, Object& state, Boolean& isCompleted)
   at Microsoft.AspNetCore.Mvc.Infrastructure.ControllerActionInvoker.<InvokeInnerFilterAsync>g__Awaited|13_0(ControllerActionInvoker invoker, Task lastTask, State next, Scope scope, Object state, Boolean isCompleted)
   at Microsoft.AspNetCore.Mvc.Infrastructure.ResourceInvoker.<InvokeFilterPipelineAsync>g__Awaited|20_0(ResourceInvoker invoker, Task lastTask, State next, Scope scope, Object state, Boolean isCompleted)
   at Microsoft.AspNetCore.Mvc.Infrastructure.ResourceInvoker.<InvokeAsync>g__Awaited|17_0(ResourceInvoker invoker, Task task, IDisposable scope)
   at Microsoft.AspNetCore.Mvc.Infrastructure.ResourceInvoker.<InvokeAsync>g__Awaited|17_0(ResourceInvoker invoker, Task task, IDisposable scope)
   at Microsoft.AspNetCore.Authorization.AuthorizationMiddleware.Invoke(HttpContext context)
   at Microsoft.AspNetCore.Authentication.AuthenticationMiddleware.Invoke(HttpContext context)
   at HrSystemApp.Api.Middleware.ExceptionMiddleware.InvokeAsync(HttpContext context) in E:\Github Repos\HR System App\HrSystemApp\HrSystemApp.Api\Middleware\ExceptionMiddleware.cs:line 34
[00:35:56 INF] HTTP GET /api/companies/hierarchy responded 500 in 499.3396 ms
dotnet : [xUnit.net 00:00:12.60]     HrSystemApp.Tests.Integration.Endpoints.HierarchyEndpointTests.GetHierarchy_Return
sRoleOrderedTree_WithDepartmentsUnitsTeamsAndEmployees [FAIL]
At line:1 char:1
+ dotnet test tests\HrSystemApp.Tests.Integration --filter "FullyQualif ...
+ ~~~~~~~~~~~~~~~~~~~~~~~~~~~~~~~~~~~~~~~~~~~~~~~~~~~~~~~~~~~~~~~~~~~~~
    + CategoryInfo          : NotSpecified: ([xUnit.net 00:0...mployees [FAIL]:String) [], RemoteException
    + FullyQualifiedErrorId : NativeCommandError
 
[xUnit.net 00:00:12.60]       Expected response.StatusCode to be HttpStatusCode.OK {value: 200}, but found HttpStatusCode.InternalServerError {value: 500}.
[xUnit.net 00:00:12.60]       Stack Trace:
[xUnit.net 00:00:12.60]            at FluentAssertions.Execution.XUnit2TestFramework.Throw(String message)
[xUnit.net 00:00:12.60]            at FluentAssertions.Execution.TestFrameworkProvider.Throw(String message)
[xUnit.net 00:00:12.60]            at FluentAssertions.Execution.DefaultAssertionStrategy.HandleFailure(String message)
[xUnit.net 00:00:12.60]            at FluentAssertions.Execution.AssertionScope.FailWith(Func`1 failReasonFunc)
[xUnit.net 00:00:12.61]            at FluentAssertions.Execution.AssertionScope.FailWith(Func`1 failReasonFunc)
[xUnit.net 00:00:12.61]            at FluentAssertions.Execution.AssertionScope.FailWith(String message, Object[] args)
[xUnit.net 00:00:12.61]            at FluentAssertions.Primitives.EnumAssertions`2.Be(TEnum expected, String because, Object[] becauseArgs)
[xUnit.net 00:00:12.61]         E:\Github Repos\HR System App\HrSystemApp\tests\HrSystemApp.Tests.Integration\Endpoints\HierarchyEndpointTests.cs(142,0): at HrSystemApp.Tests.Integration.Endpoints.HierarchyEndpointTests.GetHierarchy_ReturnsRoleOrderedTree_WithDepartmentsUnitsTeamsAndEmployees()
[xUnit.net 00:00:12.61]         --- End of stack trace from previous location ---
  Failed HrSystemApp.Tests.Integration.Endpoints.HierarchyEndpointTests.GetHierarchy_ReturnsRoleOrderedTree_WithDepartmentsUnitsTeamsAndEmployees [1 s]
  Error Message:
   Expected response.StatusCode to be HttpStatusCode.OK {value: 200}, but found HttpStatusCode.InternalServerError {value: 500}.
  Stack Trace:
     at FluentAssertions.Execution.XUnit2TestFramework.Throw(String message)
   at FluentAssertions.Execution.TestFrameworkProvider.Throw(String message)
   at FluentAssertions.Execution.DefaultAssertionStrategy.HandleFailure(String message)
   at FluentAssertions.Execution.AssertionScope.FailWith(Func`1 failReasonFunc)
   at FluentAssertions.Execution.AssertionScope.FailWith(Func`1 failReasonFunc)
   at FluentAssertions.Execution.AssertionScope.FailWith(String message, Object[] args)
   at FluentAssertions.Primitives.EnumAssertions`2.Be(TEnum expected, String because, Object[] becauseArgs)
   at HrSystemApp.Tests.Integration.Endpoints.HierarchyEndpointTests.GetHierarchy_ReturnsRoleOrderedTree_WithDepartmentsUnitsTeamsAndEmployees() in E:\Github Repos\HR System App\HrSystemApp\tests\HrSystemApp.Tests.Integration\Endpoints\HierarchyEndpointTests.cs:line 142
--- End of stack trace from previous location ---
[00:35:57 ERR] Unhandled exception: 'object' does not contain a definition for 'FullName'. User: Anonymous, CorrelationId: 6875c1e0-7372-4562-bc84-e6ece52279de, Path: /api/companies/hierarchy
Microsoft.CSharp.RuntimeBinder.RuntimeBinderException: 'object' does not contain a definition for 'FullName'
   at CallSite.Target(Closure, CallSite, Object)
   at HrSystemApp.Application.Features.Hierarchy.Queries.GetCompanyHierarchy.GetCompanyHierarchyQueryHandler.GetRootsAsync(Guid companyId, CancellationToken ct) in E:\Github Repos\HR System App\HrSystemApp\HrSystemApp.Application\Features\Hierarchy\Queries\GetCompanyHierarchy\GetCompanyHierarchyQuery.cs:line 142
   at HrSystemApp.Application.Features.Hierarchy.Queries.GetCompanyHierarchy.GetCompanyHierarchyQueryHandler.Handle(GetCompanyHierarchyQuery request, CancellationToken cancellationToken) in E:\Github Repos\HR System App\HrSystemApp\HrSystemApp.Application\Features\Hierarchy\Queries\GetCompanyHierarchy\GetCompanyHierarchyQuery.cs:line 78
   at ValidationBehavior`2.Handle(TRequest request, RequestHandlerDelegate`1 next, CancellationToken cancellationToken) in E:\Github Repos\HR System App\HrSystemApp\HrSystemApp.Application\Behaviors\ValidationBehavior.cs:line 36
   at HrSystemApp.Api.Controllers.CompaniesController.GetHierarchy(Nullable`1 parentId, String parentType, CancellationToken ct) in E:\Github Repos\HR System App\HrSystemApp\HrSystemApp.Api\Controllers\CompaniesController.cs:line 245
   at Microsoft.AspNetCore.Mvc.Infrastructure.ActionMethodExecutor.TaskOfIActionResultExecutor.Execute(ActionContext actionContext, IActionResultTypeMapper mapper, ObjectMethodExecutor executor, Object controller, Object[] arguments)
   at Microsoft.AspNetCore.Mvc.Infrastructure.ControllerActionInvoker.<InvokeActionMethodAsync>g__Awaited|12_0(ControllerActionInvoker invoker, ValueTask`1 actionResultValueTask)
   at Microsoft.AspNetCore.Mvc.Infrastructure.ControllerActionInvoker.<InvokeNextActionFilterAsync>g__Awaited|10_0(ControllerActionInvoker invoker, Task lastTask, State next, Scope scope, Object state, Boolean isCompleted)
   at Microsoft.AspNetCore.Mvc.Infrastructure.ControllerActionInvoker.Rethrow(ActionExecutedContextSealed context)
   at Microsoft.AspNetCore.Mvc.Infrastructure.ControllerActionInvoker.Next(State& next, Scope& scope, Object& state, Boolean& isCompleted)
   at Microsoft.AspNetCore.Mvc.Infrastructure.ControllerActionInvoker.<InvokeInnerFilterAsync>g__Awaited|13_0(ControllerActionInvoker invoker, Task lastTask, State next, Scope scope, Object state, Boolean isCompleted)
   at Microsoft.AspNetCore.Mvc.Infrastructure.ResourceInvoker.<InvokeFilterPipelineAsync>g__Awaited|20_0(ResourceInvoker invoker, Task lastTask, State next, Scope scope, Object state, Boolean isCompleted)
   at Microsoft.AspNetCore.Mvc.Infrastructure.ResourceInvoker.<InvokeAsync>g__Awaited|17_0(ResourceInvoker invoker, Task task, IDisposable scope)
   at Microsoft.AspNetCore.Mvc.Infrastructure.ResourceInvoker.<InvokeAsync>g__Awaited|17_0(ResourceInvoker invoker, Task task, IDisposable scope)
   at Microsoft.AspNetCore.Authorization.AuthorizationMiddleware.Invoke(HttpContext context)
   at Microsoft.AspNetCore.Authentication.AuthenticationMiddleware.Invoke(HttpContext context)
   at HrSystemApp.Api.Middleware.ExceptionMiddleware.InvokeAsync(HttpContext context) in E:\Github Repos\HR System App\HrSystemApp\HrSystemApp.Api\Middleware\ExceptionMiddleware.cs:line 34
[00:35:57 INF] HTTP GET /api/companies/hierarchy responded 500 in 29.3987 ms
[xUnit.net 00:00:12.88]     HrSystemApp.Tests.Integration.Endpoints.HierarchyEndpointTests.GetHierarchy_PreservesConfig
uredEmptyLevel_WhenDepartmentManagerMissing [FAIL]
[xUnit.net 00:00:12.88]       System.InvalidOperationException : The requested operation requires an element of type 'Object', but the target element has type 'Null'.
[xUnit.net 00:00:12.88]       Stack Trace:
[xUnit.net 00:00:12.88]            at System.Text.Json.ThrowHelper.ThrowJsonElementWrongTypeException(JsonTokenType expectedType, JsonTokenType actualType)
[xUnit.net 00:00:12.88]            at System.Text.Json.JsonDocument.TryGetNamedPropertyValue(Int32 index, ReadOnlySpan`1 propertyName, JsonElement& value)
[xUnit.net 00:00:12.88]            at System.Text.Json.JsonElement.TryGetProperty(ReadOnlySpan`1 propertyName, JsonElement& value)
[xUnit.net 00:00:12.88]            at System.Text.Json.JsonElement.TryGetProperty(String propertyName, JsonElement& value)
[xUnit.net 00:00:12.88]            at System.Text.Json.JsonElement.GetProperty(String propertyName)
[xUnit.net 00:00:12.88]         E:\Github Repos\HR System App\HrSystemApp\tests\HrSystemApp.Tests.Integration\Endpoints\HierarchyEndpointTests.cs(316,0): at HrSystemApp.Tests.Integration.Endpoints.HierarchyEndpointTests.GetHierarchy_PreservesConfiguredEmptyLevel_WhenDepartmentManagerMissing()
[xUnit.net 00:00:12.88]         --- End of stack trace from previous location ---
[testcontainers.org 00:00:12.10] Delete Docker container 3c044cfdca23
[xUnit.net 00:00:13.31]   Finished:    HrSystemApp.Tests.Integration
  Failed HrSystemApp.Tests.Integration.Endpoints.HierarchyEndpointTests.GetHierarchy_PreservesConfiguredEmptyLevel_WhenDepartmentManagerMissing [121 ms]
  Error Message:
   System.InvalidOperationException : The requested operation requires an element of type 'Object', but the target element has type 'Null'.
  Stack Trace:
     at System.Text.Json.ThrowHelper.ThrowJsonElementWrongTypeException(JsonTokenType expectedType, JsonTokenType actualType)
   at System.Text.Json.JsonDocument.TryGetNamedPropertyValue(Int32 index, ReadOnlySpan`1 propertyName, JsonElement& value)
   at System.Text.Json.JsonElement.TryGetProperty(ReadOnlySpan`1 propertyName, JsonElement& value)
   at System.Text.Json.JsonElement.TryGetProperty(String propertyName, JsonElement& value)
   at System.Text.Json.JsonElement.GetProperty(String propertyName)
   at HrSystemApp.Tests.Integration.Endpoints.HierarchyEndpointTests.GetHierarchy_PreservesConfiguredEmptyLevel_WhenDepartmentManagerMissing() in E:\Github Repos\HR System App\HrSystemApp\tests\HrSystemApp.Tests.Integration\Endpoints\HierarchyEndpointTests.cs:line 316
--- End of stack trace from previous location ---

Test Run Failed.
Total tests: 2
     Failed: 2
 Total time: 14.0883 Seconds

Workload updates are available. Run `dotnet workload list` for more information.
